<html>
<body>
<pre>
<h1>µVision Build Log</h1>
<h2>Project:</h2>
Z:\Users\Jorik\dev\TCD-Assignments\Computing\assignments\assignment1\Assignment.1.1.Adjust\Adjust.uvproj
Project File Date:  02/10/2015

<h2>Output:</h2>
Rebuild target 'Simulator'
compiling font5x7.c...
compiling lcd_grph.c...
compiling lcd_hw.c...
compiling Retarget.c...
compiling Serial.c...
assembling LPC2400.s...
compiling main.c...
assembling Adjust.s...
linking...
Program Size: Code=7104 RO-data=808 RW-data=18144 ZI-data=311560  
".\Adjust.axf" - 0 Error(s), 0 Warning(s).
s).
Error: Target DLL has been cancelled. Debugger aborted !
ion to 'REQ8 (Code was permitted to depend on the 8-byte aligment of 8-byte data items)' function getPicAddr.
.\Adjust.axf: Error: L6238E: adjust.o(Adjust) contains invalid call from '~PRES8 (The user did not require code to preserve 8-byte aligment of 8-byte data objects)' function to 'REQ8 (Code was permitted to depend on the 8-byte aligment of 8-byte data items)' function getPicHeight.
.\Adjust.axf: Error: L6238E: adjust.o(Adjust) contains invalid call from '~PRES8 (The user did not require code to preserve 8-byte aligment of 8-byte data objects)' function to 'REQ8 (Code was permitted to depend on the 8-byte aligment of 8-byte data items)' function getPicWidth.
.\Adjust.axf: Error: L6238E: adjust.o(Adjust) contains invalid call from '~PRES8 (The user did not require code to preserve 8-byte aligment of 8-byte data objects)' function to 'REQ8 (Code was permitted to depend on the 8-byte aligment of 8-byte data items)' function putPic.
Finished: 0 information, 0 warning and 4 error messages.
".\Adjust.axf" - 4 Error(s), 0 Warning(s).
Target not created
