<html>
<body>
<pre>
<h1>µVision Build Log</h1>
<h2>Project:</h2>
U:\TCD-Assignments\Computing\assignments\assignment1\Assignment.1.1.Adjust\Adjust.uvproj
Project File Date:  03/07/2017

<h2>Output:</h2>
Rebuild target 'External SDRAM'
compiling font5x7.c...
compiling lcd_grph.c...
compiling lcd_hw.c...
compiling Retarget.c...
compiling Serial.c...
assembling LPC2400.s...
compiling main.c...
assembling Adjust.s...
linking...
Program Size: Code=7104 RO-data=808 RW-data=18144 ZI-data=311560  
".\Adjust.axf" - 0 Errors, 0 Warning(s).
Rebuild target 'External SDRAM'
compiling font5x7.c...
compiling lcd_grph.c...
compiling lcd_hw.c...
compiling Retarget.c...
compiling Serial.c...
assembling LPC2400.s...
compiling main.c...
assembling Adjust.s...
linking...
Program Size: Code=7104 RO-data=808 RW-data=18144 ZI-data=311560  
".\Adjust.axf" - 0 Errors, 0 Warning(s).
Rebuild target 'External SDRAM'
compiling font5x7.c...
compiling lcd_grph.c...
compiling lcd_hw.c...
compiling Retarget.c...
compiling Serial.c...
assembling LPC2400.s...
compiling main.c...
assembling Adjust.s...
linking...
Program Size: Code=7104 RO-data=808 RW-data=18144 ZI-data=311560  
".\Adjust.axf" - 0 Errors, 0 Warning(s).
Rebuild target 'External SDRAM'
compiling font5x7.c...
compiling lcd_grph.c...
compiling lcd_hw.c...
compiling Retarget.c...
compiling Serial.c...
assembling LPC2400.s...
compiling main.c...
assembling Adjust.s...
linking...
Program Size: Code=7104 RO-data=808 RW-data=18144 ZI-data=311560  
".\Adjust.axf" - 0 Errors, 0 Warning(s).
Rebuild target 'External SDRAM'
compiling font5x7.c...
compiling lcd_grph.c...
compiling lcd_hw.c...
compiling Retarget.c...
compiling Serial.c...
assembling LPC2400.s...
compiling main.c...
assembling Adjust.s...
linking...
Program Size: Code=7104 RO-data=808 RW-data=18144 ZI-data=311560  
".\Adjust.axf" - 0 Errors, 0 Warning(s).
Rebuild target 'External SDRAM'
compiling font5x7.c...
compiling lcd_grph.c...
compiling lcd_hw.c...
compiling Retarget.c...
compiling Serial.c...
assembling LPC2400.s...
compiling main.c...
assembling Adjust.s...
linking...
Program Size: Code=7104 RO-data=808 RW-data=18144 ZI-data=311560  
".\Adjust.axf" - 0 Errors, 0 Warning(s).
Rebuild target 'External SDRAM'
compiling font5x7.c...
compiling lcd_grph.c...
compiling lcd_hw.c...
compiling Retarget.c...
compiling Serial.c...
assembling LPC2400.s...
compiling main.c...
assembling Adjust.s...
linking...
Program Size: Code=7104 RO-data=808 RW-data=18144 ZI-data=311560  
".\Adjust.axf" - 0 Errors, 0 Warning(s).
Rebuild target 'External SDRAM'
compiling font5x7.c...
compiling lcd_grph.c...
compiling lcd_hw.c...
compiling Retarget.c...
compiling Serial.c...
assembling LPC2400.s...
compiling main.c...
assembling Adjust.s...
Adjust.s(120): error: A1215E: Bad register list symbol
Adjust.s(127): error: A1215E: Bad register list symbol
".\Adjust.axf" - 2 Errors, 0 Warning(s).
Target not created
Rebuild target 'External SDRAM'
compiling font5x7.c...
compiling lcd_grph.c...
compiling lcd_hw.c...
compiling Retarget.c...
compiling Serial.c...
assembling LPC2400.s...
compiling main.c...
assembling Adjust.s...
linking...
Program Size: Code=7112 RO-data=808 RW-data=18144 ZI-data=311560  
".\Adjust.axf" - 0 Errors, 0 Warning(s).
Rebuild target 'External SDRAM'
compiling font5x7.c...
compiling lcd_grph.c...
compiling lcd_hw.c...
compiling Retarget.c...
compiling Serial.c...
assembling LPC2400.s...
compiling main.c...
assembling Adjust.s...
linking...
Program Size: Code=7108 RO-data=808 RW-data=18144 ZI-data=311560  
".\Adjust.axf" - 0 Errors, 0 Warning(s).
Rebuild target 'External SDRAM'
compiling font5x7.c...
compiling lcd_grph.c...
compiling lcd_hw.c...
compiling Retarget.c...
compiling Serial.c...
assembling LPC2400.s...
compiling main.c...
assembling Adjust.s...
linking...
Program Size: Code=7112 RO-data=808 RW-data=18144 ZI-data=311560  
".\Adjust.axf" - 0 Errors, 0 Warning(s).
Rebuild target 'External SDRAM'
compiling font5x7.c...
compiling lcd_grph.c...
compiling lcd_hw.c...
compiling Retarget.c...
compiling Serial.c...
assembling LPC2400.s...
compiling main.c...
assembling Adjust.s...
linking...
Program Size: Code=7112 RO-data=808 RW-data=18144 ZI-data=311560  
".\Adjust.axf" - 0 Errors, 0 Warning(s).
Rebuild target 'External SDRAM'
compiling font5x7.c...
compiling lcd_grph.c...
compiling lcd_hw.c...
compiling Retarget.c...
compiling Serial.c...
assembling LPC2400.s...
compiling main.c...
assembling Adjust.s...
linking...
Program Size: Code=7112 RO-data=808 RW-data=18144 ZI-data=311560  
".\Adjust.axf" - 0 Errors, 0 Warning(s).
Rebuild target 'External SDRAM'
compiling font5x7.c...
compiling lcd_grph.c...
compiling lcd_hw.c...
compiling Retarget.c...
compiling Serial.c...
assembling LPC2400.s...
compiling main.c...
assembling Adjust.s...
linking...
Program Size: Code=7060 RO-data=808 RW-data=18144 ZI-data=311560  
".\Adjust.axf" - 0 Errors, 0 Warning(s).
Rebuild target 'External SDRAM'
compiling font5x7.c...
compiling lcd_grph.c...
compiling lcd_hw.c...
compiling Retarget.c...
compiling Serial.c...
assembling LPC2400.s...
compiling main.c...
assembling Adjust.s...
linking...
Program Size: Code=7060 RO-data=808 RW-data=18144 ZI-data=311560  
".\Adjust.axf" - 0 Errors, 0 Warning(s).
Rebuild target 'External SDRAM'
compiling font5x7.c...
compiling lcd_grph.c...
compiling lcd_hw.c...
compiling Retarget.c...
compiling Serial.c...
assembling LPC2400.s...
compiling main.c...
assembling Adjust.s...
linking...
Program Size: Code=7060 RO-data=808 RW-data=18144 ZI-data=311560  
".\Adjust.axf" - 0 Errors, 0 Warning(s).
Rebuild target 'External SDRAM'
compiling font5x7.c...
compiling lcd_grph.c...
compiling lcd_hw.c...
compiling Retarget.c...
compiling Serial.c...
assembling LPC2400.s...
compiling main.c...
assembling Adjust.s...
linking...
Program Size: Code=7064 RO-data=808 RW-data=18144 ZI-data=311560  
".\Adjust.axf" - 0 Errors, 0 Warning(s).
Rebuild target 'External SDRAM'
compiling font5x7.c...
compiling lcd_grph.c...
compiling lcd_hw.c...
compiling Retarget.c...
compiling Serial.c...
assembling LPC2400.s...
compiling main.c...
assembling Adjust.s...
linking...
Program Size: Code=7064 RO-data=808 RW-data=18144 ZI-data=311560  
".\Adjust.axf" - 0 Errors, 0 Warning(s).
Rebuild target 'External SDRAM'
compiling font5x7.c...
compiling lcd_grph.c...
compiling lcd_hw.c...
compiling Retarget.c...
compiling Serial.c...
assembling LPC2400.s...
compiling main.c...
assembling Adjust.s...
linking...
Program Size: Code=7116 RO-data=808 RW-data=18144 ZI-data=311560  
".\Adjust.axf" - 0 Errors, 0 Warning(s).
Rebuild target 'External SDRAM'
compiling font5x7.c...
compiling lcd_grph.c...
compiling lcd_hw.c...
compiling Retarget.c...
compiling Serial.c...
assembling LPC2400.s...
compiling main.c...
assembling Adjust.s...
linking...
Program Size: Code=7116 RO-data=808 RW-data=18144 ZI-data=311560  
".\Adjust.axf" - 0 Errors, 0 Warning(s).
Rebuild target 'External SDRAM'
compiling font5x7.c...
compiling lcd_grph.c...
compiling lcd_hw.c...
compiling Retarget.c...
compiling Serial.c...
assembling LPC2400.s...
compiling main.c...
assembling Adjust.s...
linking...
Program Size: Code=7116 RO-data=808 RW-data=18144 ZI-data=311560  
".\Adjust.axf" - 0 Errors, 0 Warning(s).
Rebuild target 'External SDRAM'
compiling font5x7.c...
compiling lcd_grph.c...
compiling lcd_hw.c...
compiling Retarget.c...
compiling Serial.c...
assembling LPC2400.s...
compiling main.c...
assembling Adjust.s...
linking...
Program Size: Code=7116 RO-data=808 RW-data=18144 ZI-data=311560  
".\Adjust.axf" - 0 Errors, 0 Warning(s).
Rebuild target 'External SDRAM'
compiling font5x7.c...
compiling lcd_grph.c...
compiling lcd_hw.c...
compiling Retarget.c...
compiling Serial.c...
assembling LPC2400.s...
compiling main.c...
assembling Adjust.s...
linking...
Program Size: Code=7116 RO-data=808 RW-data=18144 ZI-data=311560  
".\Adjust.axf" - 0 Errors, 0 Warning(s).
Rebuild target 'External SDRAM'
compiling font5x7.c...
compiling lcd_grph.c...
compiling lcd_hw.c...
compiling Retarget.c...
compiling Serial.c...
assembling LPC2400.s...
compiling main.c...
assembling Adjust.s...
linking...
Program Size: Code=7116 RO-data=808 RW-data=18144 ZI-data=311560  
".\Adjust.axf" - 0 Errors, 0 Warning(s).
Rebuild target 'External SDRAM'
compiling font5x7.c...
compiling lcd_grph.c...
compiling lcd_hw.c...
compiling Retarget.c...
compiling Serial.c...
assembling LPC2400.s...
compiling main.c...
assembling Adjust.s...
linking...
Program Size: Code=7116 RO-data=808 RW-data=18144 ZI-data=311560  
".\Adjust.axf" - 0 Errors, 0 Warning(s).
