<html>
<body>
<pre>
<h1>µVision Build Log</h1>
<h2>Project:</h2>
U:\TCD-Assignments\Computing\assignments\assignment1\Assignment.1.2.MotionBlur\MotionBlur.uvproj
Project File Date:  03/07/2017

<h2>Output:</h2>
Rebuild target 'External SDRAM'
compiling font5x7.c...
compiling lcd_grph.c...
compiling lcd_hw.c...
compiling Retarget.c...
compiling Serial.c...
assembling LPC2400.s...
compiling main.c...
assembling MotionBlur.s...
MotionBlur.s(152): error: A1152E: Unexpected operator
MotionBlur.s(153): error: A1152E: Unexpected operator
MotionBlur.s(168): error: A1169E: Missing close square bracket
MotionBlur.s(169): error: A1215E: Bad register list symbol
MotionBlur.s(171): error: A1215E: Bad register list symbol
MotionBlur.s(176): error: A1215E: Bad register list symbol
MotionBlur.s(179): error: A1215E: Bad register list symbol
MotionBlur.s(181): error: A1215E: Bad register list symbol
MotionBlur.s(185): error: A1152E: Unexpected operator
MotionBlur.s(188): error: A1215E: Bad register list symbol
MotionBlur.s(189): error: A1215E: Bad register list symbol
MotionBlur.s(191): error: A1215E: Bad register list symbol
MotionBlur.s(193): error: A1152E: Unexpected operator
MotionBlur.s(195): error: A1647E: Bad register name symbol, expected Integer register
MotionBlur.s(245): error: A1215E: Bad register list symbol
MotionBlur.s(246): error: A1215E: Bad register list symbol
".\MotionBlur.axf" - 16 Errors, 0 Warning(s).
Target not created
Rebuild target 'External SDRAM'
compiling font5x7.c...
compiling lcd_grph.c...
compiling lcd_hw.c...
compiling Retarget.c...
compiling Serial.c...
assembling LPC2400.s...
compiling main.c...
assembling MotionBlur.s...
MotionBlur.s(152): error: A1152E: Unexpected operator
MotionBlur.s(153): error: A1152E: Unexpected operator
MotionBlur.s(168): error: A1169E: Missing close square bracket
MotionBlur.s(171): error: A1215E: Bad register list symbol
MotionBlur.s(176): error: A1215E: Bad register list symbol
MotionBlur.s(179): error: A1215E: Bad register list symbol
MotionBlur.s(181): error: A1215E: Bad register list symbol
MotionBlur.s(185): error: A1152E: Unexpected operator
MotionBlur.s(188): error: A1215E: Bad register list symbol
MotionBlur.s(189): error: A1215E: Bad register list symbol
MotionBlur.s(191): error: A1215E: Bad register list symbol
MotionBlur.s(193): error: A1152E: Unexpected operator
MotionBlur.s(195): error: A1647E: Bad register name symbol, expected Integer register
MotionBlur.s(245): error: A1215E: Bad register list symbol
MotionBlur.s(246): error: A1215E: Bad register list symbol
".\MotionBlur.axf" - 15 Errors, 0 Warning(s).
Target not created
Rebuild target 'External SDRAM'
compiling font5x7.c...
compiling lcd_grph.c...
compiling lcd_hw.c...
compiling Retarget.c...
compiling Serial.c...
assembling LPC2400.s...
compiling main.c...
assembling MotionBlur.s...
MotionBlur.s(168): error: A1169E: Missing close square bracket
MotionBlur.s(195): error: A1647E: Bad register name symbol, expected Integer register
MotionBlur.s(245): error: A1190E: Unexpected '#'
MotionBlur.s(246): error: A1190E: Unexpected '#'
".\MotionBlur.axf" - 4 Errors, 0 Warning(s).
Target not created
Rebuild target 'External SDRAM'
compiling font5x7.c...
compiling lcd_grph.c...
compiling lcd_hw.c...
compiling Retarget.c...
compiling Serial.c...
assembling LPC2400.s...
compiling main.c...
assembling MotionBlur.s...
MotionBlur.s(244): error: A1190E: Unexpected '#'
MotionBlur.s(245): error: A1190E: Unexpected '#'
".\MotionBlur.axf" - 2 Errors, 0 Warning(s).
Target not created
Rebuild target 'External SDRAM'
compiling font5x7.c...
compiling lcd_grph.c...
compiling lcd_hw.c...
compiling Retarget.c...
compiling Serial.c...
assembling LPC2400.s...
compiling main.c...
assembling MotionBlur.s...
MotionBlur.s(244): error: A1150E: Bad symbol, not defined or external
MotionBlur.s(245): error: A1150E: Bad symbol, not defined or external
".\MotionBlur.axf" - 2 Errors, 0 Warning(s).
Target not created
Rebuild target 'External SDRAM'
compiling font5x7.c...
compiling lcd_grph.c...
compiling lcd_hw.c...
compiling Retarget.c...
compiling Serial.c...
assembling LPC2400.s...
compiling main.c...
assembling MotionBlur.s...
MotionBlur.s(250): error: A1150E: Bad symbol, not defined or external
".\MotionBlur.axf" - 1 Errors, 0 Warning(s).
Target not created
Rebuild target 'External SDRAM'
compiling font5x7.c...
compiling lcd_grph.c...
compiling lcd_hw.c...
compiling Retarget.c...
compiling Serial.c...
assembling LPC2400.s...
compiling main.c...
assembling MotionBlur.s...
linking...
.\MotionBlur.axf: Error: L6238E: motionblur.o(MotionBlur) contains invalid call from '~PRES8 (The user did not require code to preserve 8-byte aligment of 8-byte data objects)' function to 'REQ8 (Code was permitted to depend on the 8-byte aligment of 8-byte data items)' function getPicAddr.
.\MotionBlur.axf: Error: L6238E: motionblur.o(MotionBlur) contains invalid call from '~PRES8 (The user did not require code to preserve 8-byte aligment of 8-byte data objects)' function to 'REQ8 (Code was permitted to depend on the 8-byte aligment of 8-byte data items)' function getPicHeight.
.\MotionBlur.axf: Error: L6238E: motionblur.o(MotionBlur) contains invalid call from '~PRES8 (The user did not require code to preserve 8-byte aligment of 8-byte data objects)' function to 'REQ8 (Code was permitted to depend on the 8-byte aligment of 8-byte data items)' function getPicWidth.
.\MotionBlur.axf: Error: L6238E: motionblur.o(MotionBlur) contains invalid call from '~PRES8 (The user did not require code to preserve 8-byte aligment of 8-byte data objects)' function to 'REQ8 (Code was permitted to depend on the 8-byte aligment of 8-byte data items)' function putPic.
".\MotionBlur.axf" - 4 Errors, 0 Warning(s).
Target not created
Rebuild target 'External SDRAM'
compiling font5x7.c...
compiling lcd_grph.c...
compiling lcd_hw.c...
compiling Retarget.c...
compiling Serial.c...
assembling LPC2400.s...
compiling main.c...
assembling MotionBlur.s...
linking...
Program Size: Code=7340 RO-data=808 RW-data=18144 ZI-data=311560  
".\MotionBlur.axf" - 0 Errors, 0 Warning(s).
Rebuild target 'External SDRAM'
compiling font5x7.c...
compiling lcd_grph.c...
compiling lcd_hw.c...
compiling Retarget.c...
compiling Serial.c...
assembling LPC2400.s...
compiling main.c...
assembling MotionBlur.s...
linking...
Program Size: Code=7340 RO-data=808 RW-data=18144 ZI-data=311560  
".\MotionBlur.axf" - 0 Errors, 0 Warning(s).
Rebuild target 'External SDRAM'
compiling font5x7.c...
compiling lcd_grph.c...
compiling lcd_hw.c...
compiling Retarget.c...
compiling Serial.c...
assembling LPC2400.s...
compiling main.c...
assembling MotionBlur.s...
linking...
Program Size: Code=7344 RO-data=808 RW-data=18144 ZI-data=311560  
".\MotionBlur.axf" - 0 Errors, 0 Warning(s).
Rebuild target 'External SDRAM'
compiling font5x7.c...
compiling lcd_grph.c...
compiling lcd_hw.c...
compiling Retarget.c...
compiling Serial.c...
assembling LPC2400.s...
compiling main.c...
assembling MotionBlur.s...
linking...
Program Size: Code=7344 RO-data=808 RW-data=18144 ZI-data=311560  
".\MotionBlur.axf" - 0 Errors, 0 Warning(s).
Rebuild target 'External SDRAM'
compiling font5x7.c...
compiling lcd_grph.c...
compiling lcd_hw.c...
compiling Retarget.c...
compiling Serial.c...
assembling LPC2400.s...
compiling main.c...
assembling MotionBlur.s...
linking...
Program Size: Code=7344 RO-data=808 RW-data=18144 ZI-data=311560  
".\MotionBlur.axf" - 0 Errors, 0 Warning(s).
Rebuild target 'External SDRAM'
compiling font5x7.c...
compiling lcd_grph.c...
compiling lcd_hw.c...
compiling Retarget.c...
compiling Serial.c...
assembling LPC2400.s...
compiling main.c...
assembling MotionBlur.s...
linking...
Program Size: Code=7344 RO-data=808 RW-data=18144 ZI-data=311560  
".\MotionBlur.axf" - 0 Errors, 0 Warning(s).
Rebuild target 'External SDRAM'
compiling font5x7.c...
compiling lcd_grph.c...
compiling lcd_hw.c...
compiling Retarget.c...
compiling Serial.c...
assembling LPC2400.s...
compiling main.c...
assembling MotionBlur.s...
linking...
Program Size: Code=7344 RO-data=808 RW-data=18144 ZI-data=311560  
".\MotionBlur.axf" - 0 Errors, 0 Warning(s).
Rebuild target 'External SDRAM'
compiling font5x7.c...
compiling lcd_grph.c...
compiling lcd_hw.c...
compiling Retarget.c...
compiling Serial.c...
assembling LPC2400.s...
compiling main.c...
assembling MotionBlur.s...
linking...
Program Size: Code=7344 RO-data=808 RW-data=18144 ZI-data=311560  
".\MotionBlur.axf" - 0 Errors, 0 Warning(s).
Rebuild target 'External SDRAM'
compiling font5x7.c...
compiling lcd_grph.c...
compiling lcd_hw.c...
compiling Retarget.c...
compiling Serial.c...
assembling LPC2400.s...
compiling main.c...
assembling MotionBlur.s...
linking...
Program Size: Code=7344 RO-data=808 RW-data=18144 ZI-data=311560  
".\MotionBlur.axf" - 0 Errors, 0 Warning(s).
Rebuild target 'External SDRAM'
compiling font5x7.c...
compiling lcd_grph.c...
compiling lcd_hw.c...
compiling Retarget.c...
compiling Serial.c...
assembling LPC2400.s...
compiling main.c...
assembling MotionBlur.s...
linking...
Program Size: Code=7344 RO-data=808 RW-data=18144 ZI-data=311560  
".\MotionBlur.axf" - 0 Errors, 0 Warning(s).
