<html>
<body>
<pre>
<h1>µVision Build Log</h1>
<h2>Project:</h2>
U:\TCD-Assignments\Computing\assignments\assignment1\Assignment.1.3.BonusEffect\BonusEffect.uvproj
Project File Date:  03/07/2017

<h2>Output:</h2>
Rebuild target 'External SDRAM'
compiling font5x7.c...
compiling lcd_grph.c...
compiling lcd_hw.c...
compiling Retarget.c...
compiling Serial.c...
assembling LPC2400.s...
compiling main.c...
assembling BonusEffect.s...
linking...
Program Size: Code=7812 RO-data=808 RW-data=18144 ZI-data=311560  
".\BonusEffect.axf" - 0 Errors, 0 Warning(s).
Rebuild target 'External SDRAM'
compiling font5x7.c...
compiling lcd_grph.c...
compiling lcd_hw.c...
compiling Retarget.c...
compiling Serial.c...
assembling LPC2400.s...
compiling main.c...
assembling BonusEffect.s...
linking...
Program Size: Code=7816 RO-data=808 RW-data=18144 ZI-data=311560  
".\BonusEffect.axf" - 0 Errors, 0 Warning(s).
Rebuild target 'External SDRAM'
compiling font5x7.c...
compiling lcd_grph.c...
compiling lcd_hw.c...
compiling Retarget.c...
compiling Serial.c...
assembling LPC2400.s...
compiling main.c...
assembling BonusEffect.s...
linking...
Program Size: Code=7840 RO-data=808 RW-data=18144 ZI-data=311560  
".\BonusEffect.axf" - 0 Errors, 0 Warning(s).
Rebuild target 'External SDRAM'
compiling font5x7.c...
compiling lcd_grph.c...
compiling lcd_hw.c...
compiling Retarget.c...
compiling Serial.c...
assembling LPC2400.s...
compiling main.c...
assembling BonusEffect.s...
linking...
Program Size: Code=7844 RO-data=808 RW-data=18144 ZI-data=311560  
".\BonusEffect.axf" - 0 Errors, 0 Warning(s).
Rebuild target 'External SDRAM'
compiling font5x7.c...
compiling lcd_grph.c...
compiling lcd_hw.c...
compiling Retarget.c...
compiling Serial.c...
assembling LPC2400.s...
compiling main.c...
assembling BonusEffect.s...
linking...
Program Size: Code=7844 RO-data=808 RW-data=18144 ZI-data=311560  
".\BonusEffect.axf" - 0 Errors, 0 Warning(s).
Rebuild target 'External SDRAM'
compiling font5x7.c...
compiling lcd_grph.c...
compiling lcd_hw.c...
compiling Retarget.c...
compiling Serial.c...
assembling LPC2400.s...
compiling main.c...
assembling BonusEffect.s...
linking...
Program Size: Code=7840 RO-data=808 RW-data=18144 ZI-data=311560  
".\BonusEffect.axf" - 0 Errors, 0 Warning(s).
Rebuild target 'External SDRAM'
compiling font5x7.c...
compiling lcd_grph.c...
compiling lcd_hw.c...
compiling Retarget.c...
compiling Serial.c...
assembling LPC2400.s...
compiling main.c...
assembling BonusEffect.s...
linking...
Program Size: Code=7840 RO-data=808 RW-data=18144 ZI-data=311560  
".\BonusEffect.axf" - 0 Errors, 0 Warning(s).
Rebuild target 'External SDRAM'
compiling font5x7.c...
compiling lcd_grph.c...
compiling lcd_hw.c...
compiling Retarget.c...
compiling Serial.c...
assembling LPC2400.s...
compiling main.c...
assembling BonusEffect.s...
linking...
Program Size: Code=7900 RO-data=808 RW-data=18144 ZI-data=311560  
".\BonusEffect.axf" - 0 Errors, 0 Warning(s).
Rebuild target 'External SDRAM'
compiling font5x7.c...
compiling lcd_grph.c...
compiling lcd_hw.c...
compiling Retarget.c...
compiling Serial.c...
assembling LPC2400.s...
compiling main.c...
assembling BonusEffect.s...
linking...
Program Size: Code=7896 RO-data=808 RW-data=18144 ZI-data=311560  
".\BonusEffect.axf" - 0 Errors, 0 Warning(s).
Rebuild target 'External SDRAM'
compiling font5x7.c...
compiling lcd_grph.c...
compiling lcd_hw.c...
compiling Retarget.c...
compiling Serial.c...
assembling LPC2400.s...
compiling main.c...
assembling BonusEffect.s...
linking...
Program Size: Code=7896 RO-data=808 RW-data=18144 ZI-data=311560  
".\BonusEffect.axf" - 0 Errors, 0 Warning(s).
Rebuild target 'External SDRAM'
compiling font5x7.c...
compiling lcd_grph.c...
compiling lcd_hw.c...
compiling Retarget.c...
compiling Serial.c...
assembling LPC2400.s...
compiling main.c...
assembling BonusEffect.s...
linking...
Program Size: Code=7896 RO-data=808 RW-data=18144 ZI-data=311560  
".\BonusEffect.axf" - 0 Errors, 0 Warning(s).
Rebuild target 'External SDRAM'
compiling font5x7.c...
compiling lcd_grph.c...
compiling lcd_hw.c...
compiling Retarget.c...
compiling Serial.c...
assembling LPC2400.s...
compiling main.c...
assembling BonusEffect.s...
linking...
Program Size: Code=7900 RO-data=808 RW-data=18144 ZI-data=311560  
".\BonusEffect.axf" - 0 Errors, 0 Warning(s).
Rebuild target 'External SDRAM'
compiling font5x7.c...
compiling lcd_grph.c...
compiling lcd_hw.c...
compiling Retarget.c...
compiling Serial.c...
assembling LPC2400.s...
compiling main.c...
assembling BonusEffect.s...
linking...
Program Size: Code=7900 RO-data=808 RW-data=18144 ZI-data=311560  
".\BonusEffect.axf" - 0 Errors, 0 Warning(s).
Rebuild target 'External SDRAM'
compiling font5x7.c...
compiling lcd_grph.c...
compiling lcd_hw.c...
compiling Retarget.c...
compiling Serial.c...
assembling LPC2400.s...
compiling main.c...
assembling BonusEffect.s...
linking...
Program Size: Code=7908 RO-data=808 RW-data=18144 ZI-data=311560  
".\BonusEffect.axf" - 0 Errors, 0 Warning(s).
Rebuild target 'External SDRAM'
compiling font5x7.c...
compiling lcd_grph.c...
compiling lcd_hw.c...
compiling Retarget.c...
compiling Serial.c...
assembling LPC2400.s...
compiling main.c...
assembling BonusEffect.s...
linking...
Program Size: Code=7904 RO-data=808 RW-data=18144 ZI-data=311560  
".\BonusEffect.axf" - 0 Errors, 0 Warning(s).
Rebuild target 'External SDRAM'
compiling font5x7.c...
compiling lcd_grph.c...
compiling lcd_hw.c...
compiling Retarget.c...
compiling Serial.c...
assembling LPC2400.s...
compiling main.c...
assembling BonusEffect.s...
linking...
Program Size: Code=7904 RO-data=808 RW-data=18144 ZI-data=311560  
".\BonusEffect.axf" - 0 Errors, 0 Warning(s).
Rebuild target 'External SDRAM'
compiling font5x7.c...
compiling lcd_grph.c...
compiling lcd_hw.c...
compiling Retarget.c...
compiling Serial.c...
assembling LPC2400.s...
compiling main.c...
assembling BonusEffect.s...
linking...
Program Size: Code=7908 RO-data=808 RW-data=18144 ZI-data=311560  
".\BonusEffect.axf" - 0 Errors, 0 Warning(s).
Rebuild target 'External SDRAM'
compiling font5x7.c...
compiling lcd_grph.c...
compiling lcd_hw.c...
compiling Retarget.c...
compiling Serial.c...
assembling LPC2400.s...
compiling main.c...
assembling BonusEffect.s...
linking...
Program Size: Code=7908 RO-data=808 RW-data=18144 ZI-data=311560  
".\BonusEffect.axf" - 0 Errors, 0 Warning(s).
Rebuild target 'External SDRAM'
compiling font5x7.c...
compiling lcd_grph.c...
compiling lcd_hw.c...
compiling Retarget.c...
compiling Serial.c...
assembling LPC2400.s...
compiling main.c...
assembling BonusEffect.s...
linking...
Program Size: Code=7908 RO-data=808 RW-data=18144 ZI-data=311560  
".\BonusEffect.axf" - 0 Errors, 0 Warning(s).
Rebuild target 'External SDRAM'
compiling font5x7.c...
compiling lcd_grph.c...
compiling lcd_hw.c...
compiling Retarget.c...
compiling Serial.c...
assembling LPC2400.s...
compiling main.c...
assembling BonusEffect.s...
linking...
Program Size: Code=7908 RO-data=808 RW-data=18144 ZI-data=311560  
".\BonusEffect.axf" - 0 Errors, 0 Warning(s).
Rebuild target 'External SDRAM'
compiling font5x7.c...
compiling lcd_grph.c...
compiling lcd_hw.c...
compiling Retarget.c...
compiling Serial.c...
assembling LPC2400.s...
compiling main.c...
assembling BonusEffect.s...
linking...
Program Size: Code=7892 RO-data=808 RW-data=18144 ZI-data=311560  
".\BonusEffect.axf" - 0 Errors, 0 Warning(s).
Rebuild target 'External SDRAM'
compiling font5x7.c...
compiling lcd_grph.c...
compiling lcd_hw.c...
compiling Retarget.c...
compiling Serial.c...
assembling LPC2400.s...
compiling main.c...
assembling BonusEffect.s...
linking...
Program Size: Code=7908 RO-data=808 RW-data=18144 ZI-data=311560  
".\BonusEffect.axf" - 0 Errors, 0 Warning(s).
Rebuild target 'External SDRAM'
compiling font5x7.c...
compiling lcd_grph.c...
compiling lcd_hw.c...
compiling Retarget.c...
compiling Serial.c...
assembling LPC2400.s...
compiling main.c...
assembling BonusEffect.s...
linking...
Program Size: Code=7908 RO-data=808 RW-data=18144 ZI-data=311560  
".\BonusEffect.axf" - 0 Errors, 0 Warning(s).
Rebuild target 'External SDRAM'
compiling font5x7.c...
compiling lcd_grph.c...
compiling lcd_hw.c...
compiling Retarget.c...
compiling Serial.c...
assembling LPC2400.s...
compiling main.c...
assembling BonusEffect.s...
linking...
Program Size: Code=7912 RO-data=808 RW-data=18144 ZI-data=311560  
".\BonusEffect.axf" - 0 Errors, 0 Warning(s).
Rebuild target 'External SDRAM'
compiling font5x7.c...
compiling lcd_grph.c...
compiling lcd_hw.c...
compiling Retarget.c...
compiling Serial.c...
assembling LPC2400.s...
compiling main.c...
assembling BonusEffect.s...
linking...
Program Size: Code=7916 RO-data=808 RW-data=18144 ZI-data=311560  
".\BonusEffect.axf" - 0 Errors, 0 Warning(s).
Rebuild target 'External SDRAM'
compiling font5x7.c...
compiling lcd_grph.c...
compiling lcd_hw.c...
compiling Retarget.c...
compiling Serial.c...
assembling LPC2400.s...
compiling main.c...
assembling BonusEffect.s...
linking...
Program Size: Code=7912 RO-data=808 RW-data=18144 ZI-data=311560  
".\BonusEffect.axf" - 0 Errors, 0 Warning(s).
Rebuild target 'External SDRAM'
compiling font5x7.c...
compiling lcd_grph.c...
compiling lcd_hw.c...
compiling Retarget.c...
compiling Serial.c...
assembling LPC2400.s...
compiling main.c...
assembling BonusEffect.s...
BonusEffect.s(324): error: A1516E: Bad symbol 'Divide', not defined or external
".\BonusEffect.axf" - 1 Errors, 0 Warning(s).
Target not created
Rebuild target 'External SDRAM'
compiling font5x7.c...
compiling lcd_grph.c...
compiling lcd_hw.c...
compiling Retarget.c...
compiling Serial.c...
assembling LPC2400.s...
compiling main.c...
assembling BonusEffect.s...
linking...
Program Size: Code=7832 RO-data=808 RW-data=18144 ZI-data=311560  
".\BonusEffect.axf" - 0 Errors, 0 Warning(s).
Rebuild target 'External SDRAM'
compiling font5x7.c...
compiling lcd_grph.c...
compiling lcd_hw.c...
compiling Retarget.c...
compiling Serial.c...
assembling LPC2400.s...
compiling main.c...
assembling BonusEffect.s...
linking...
Program Size: Code=7832 RO-data=808 RW-data=18144 ZI-data=311560  
".\BonusEffect.axf" - 0 Errors, 0 Warning(s).
Rebuild target 'External SDRAM'
compiling font5x7.c...
compiling lcd_grph.c...
compiling lcd_hw.c...
compiling Retarget.c...
compiling Serial.c...
assembling LPC2400.s...
compiling main.c...
assembling BonusEffect.s...
linking...
Program Size: Code=7832 RO-data=808 RW-data=18144 ZI-data=311560  
".\BonusEffect.axf" - 0 Errors, 0 Warning(s).
Rebuild target 'External SDRAM'
compiling font5x7.c...
compiling lcd_grph.c...
compiling lcd_hw.c...
compiling Retarget.c...
compiling Serial.c...
assembling LPC2400.s...
compiling main.c...
assembling BonusEffect.s...
linking...
Program Size: Code=7828 RO-data=808 RW-data=18144 ZI-data=311560  
".\BonusEffect.axf" - 0 Errors, 0 Warning(s).
Rebuild target 'External SDRAM'
compiling font5x7.c...
compiling lcd_grph.c...
compiling lcd_hw.c...
compiling Retarget.c...
compiling Serial.c...
assembling LPC2400.s...
compiling main.c...
assembling BonusEffect.s...
linking...
Program Size: Code=7828 RO-data=808 RW-data=18144 ZI-data=311560  
".\BonusEffect.axf" - 0 Errors, 0 Warning(s).
Rebuild target 'External SDRAM'
compiling font5x7.c...
compiling lcd_grph.c...
compiling lcd_hw.c...
compiling Retarget.c...
compiling Serial.c...
assembling LPC2400.s...
compiling main.c...
assembling BonusEffect.s...
linking...
Program Size: Code=7828 RO-data=808 RW-data=18144 ZI-data=311560  
".\BonusEffect.axf" - 0 Errors, 0 Warning(s).
Rebuild target 'External SDRAM'
compiling font5x7.c...
compiling lcd_grph.c...
compiling lcd_hw.c...
compiling Retarget.c...
compiling Serial.c...
assembling LPC2400.s...
compiling main.c...
assembling BonusEffect.s...
BonusEffect.s(302): error: A1106E: Missing comma
".\BonusEffect.axf" - 1 Errors, 0 Warning(s).
Target not created
Rebuild target 'External SDRAM'
compiling font5x7.c...
compiling lcd_grph.c...
compiling lcd_hw.c...
compiling Retarget.c...
compiling Serial.c...
assembling LPC2400.s...
compiling main.c...
assembling BonusEffect.s...
linking...
Program Size: Code=7840 RO-data=808 RW-data=18144 ZI-data=311560  
".\BonusEffect.axf" - 0 Errors, 0 Warning(s).
Rebuild target 'External SDRAM'
compiling font5x7.c...
compiling lcd_grph.c...
compiling lcd_hw.c...
compiling Retarget.c...
compiling Serial.c...
assembling LPC2400.s...
compiling main.c...
assembling BonusEffect.s...
BonusEffect.s(275): error: A1106E: Missing comma
".\BonusEffect.axf" - 1 Errors, 0 Warning(s).
Target not created
Rebuild target 'External SDRAM'
compiling font5x7.c...
compiling lcd_grph.c...
compiling lcd_hw.c...
compiling Retarget.c...
compiling Serial.c...
assembling LPC2400.s...
compiling main.c...
assembling BonusEffect.s...
linking...
Program Size: Code=7848 RO-data=808 RW-data=18144 ZI-data=311560  
".\BonusEffect.axf" - 0 Errors, 0 Warning(s).
Rebuild target 'External SDRAM'
compiling font5x7.c...
compiling lcd_grph.c...
compiling lcd_hw.c...
compiling Retarget.c...
compiling Serial.c...
assembling LPC2400.s...
compiling main.c...
assembling BonusEffect.s...
linking...
Program Size: Code=7848 RO-data=808 RW-data=18144 ZI-data=311560  
".\BonusEffect.axf" - 0 Errors, 0 Warning(s).
Rebuild target 'External SDRAM'
compiling font5x7.c...
compiling lcd_grph.c...
compiling lcd_hw.c...
compiling Retarget.c...
compiling Serial.c...
assembling LPC2400.s...
compiling main.c...
assembling BonusEffect.s...
linking...
Program Size: Code=7848 RO-data=808 RW-data=18144 ZI-data=311560  
".\BonusEffect.axf" - 0 Errors, 0 Warning(s).
Rebuild target 'External SDRAM'
compiling font5x7.c...
compiling lcd_grph.c...
compiling lcd_hw.c...
compiling Retarget.c...
compiling Serial.c...
assembling LPC2400.s...
compiling main.c...
assembling BonusEffect.s...
linking...
Program Size: Code=7848 RO-data=808 RW-data=18144 ZI-data=311560  
".\BonusEffect.axf" - 0 Errors, 0 Warning(s).
Rebuild target 'External SDRAM'
compiling font5x7.c...
compiling lcd_grph.c...
compiling lcd_hw.c...
compiling Retarget.c...
compiling Serial.c...
assembling LPC2400.s...
compiling main.c...
assembling BonusEffect.s...
linking...
Program Size: Code=7852 RO-data=808 RW-data=18144 ZI-data=311560  
".\BonusEffect.axf" - 0 Errors, 0 Warning(s).
Rebuild target 'External SDRAM'
compiling font5x7.c...
compiling lcd_grph.c...
compiling lcd_hw.c...
compiling Retarget.c...
compiling Serial.c...
assembling LPC2400.s...
compiling main.c...
assembling BonusEffect.s...
linking...
Program Size: Code=7852 RO-data=808 RW-data=18144 ZI-data=311560  
".\BonusEffect.axf" - 0 Errors, 0 Warning(s).
Rebuild target 'External SDRAM'
compiling font5x7.c...
compiling lcd_grph.c...
compiling lcd_hw.c...
compiling Retarget.c...
compiling Serial.c...
assembling LPC2400.s...
compiling main.c...
assembling BonusEffect.s...
linking...
Program Size: Code=7852 RO-data=808 RW-data=18144 ZI-data=311560  
".\BonusEffect.axf" - 0 Errors, 0 Warning(s).
Rebuild target 'External SDRAM'
compiling font5x7.c...
compiling lcd_grph.c...
compiling lcd_hw.c...
compiling Retarget.c...
compiling Serial.c...
assembling LPC2400.s...
compiling main.c...
assembling BonusEffect.s...
linking...
Program Size: Code=7848 RO-data=808 RW-data=18144 ZI-data=311560  
".\BonusEffect.axf" - 0 Errors, 0 Warning(s).
Rebuild target 'External SDRAM'
compiling font5x7.c...
compiling lcd_grph.c...
compiling lcd_hw.c...
compiling Retarget.c...
compiling Serial.c...
assembling LPC2400.s...
compiling main.c...
assembling BonusEffect.s...
linking...
Program Size: Code=7848 RO-data=808 RW-data=18144 ZI-data=311560  
".\BonusEffect.axf" - 0 Errors, 0 Warning(s).
Rebuild target 'External SDRAM'
compiling font5x7.c...
compiling lcd_grph.c...
compiling lcd_hw.c...
compiling Retarget.c...
compiling Serial.c...
assembling LPC2400.s...
compiling main.c...
assembling BonusEffect.s...
linking...
Program Size: Code=7848 RO-data=808 RW-data=18144 ZI-data=311560  
".\BonusEffect.axf" - 0 Errors, 0 Warning(s).
Rebuild target 'External SDRAM'
compiling font5x7.c...
compiling lcd_grph.c...
compiling lcd_hw.c...
compiling Retarget.c...
compiling Serial.c...
assembling LPC2400.s...
compiling main.c...
assembling BonusEffect.s...
linking...
Program Size: Code=7848 RO-data=808 RW-data=18144 ZI-data=311560  
".\BonusEffect.axf" - 0 Errors, 0 Warning(s).
Rebuild target 'External SDRAM'
compiling font5x7.c...
compiling lcd_grph.c...
compiling lcd_hw.c...
compiling Retarget.c...
compiling Serial.c...
assembling LPC2400.s...
compiling main.c...
assembling BonusEffect.s...
linking...
Program Size: Code=7848 RO-data=808 RW-data=18144 ZI-data=311560  
".\BonusEffect.axf" - 0 Errors, 0 Warning(s).
Rebuild target 'External SDRAM'
compiling font5x7.c...
compiling lcd_grph.c...
compiling lcd_hw.c...
compiling Retarget.c...
compiling Serial.c...
assembling LPC2400.s...
compiling main.c...
assembling BonusEffect.s...
linking...
Program Size: Code=7848 RO-data=808 RW-data=18144 ZI-data=311560  
".\BonusEffect.axf" - 0 Errors, 0 Warning(s).
Rebuild target 'External SDRAM'
compiling font5x7.c...
compiling lcd_grph.c...
compiling lcd_hw.c...
compiling Retarget.c...
compiling Serial.c...
assembling LPC2400.s...
compiling main.c...
assembling BonusEffect.s...
linking...
Program Size: Code=7852 RO-data=808 RW-data=18144 ZI-data=311560  
".\BonusEffect.axf" - 0 Errors, 0 Warning(s).
Rebuild target 'External SDRAM'
compiling font5x7.c...
compiling lcd_grph.c...
compiling lcd_hw.c...
compiling Retarget.c...
compiling Serial.c...
assembling LPC2400.s...
compiling main.c...
assembling BonusEffect.s...
linking...
Program Size: Code=7852 RO-data=808 RW-data=18144 ZI-data=311560  
".\BonusEffect.axf" - 0 Errors, 0 Warning(s).
Rebuild target 'External SDRAM'
compiling font5x7.c...
compiling lcd_grph.c...
compiling lcd_hw.c...
compiling Retarget.c...
compiling Serial.c...
assembling LPC2400.s...
compiling main.c...
assembling BonusEffect.s...
linking...
Program Size: Code=7852 RO-data=808 RW-data=18144 ZI-data=311560  
".\BonusEffect.axf" - 0 Errors, 0 Warning(s).
Rebuild target 'External SDRAM'
compiling font5x7.c...
compiling lcd_grph.c...
compiling lcd_hw.c...
compiling Retarget.c...
compiling Serial.c...
assembling LPC2400.s...
compiling main.c...
assembling BonusEffect.s...
linking...
Program Size: Code=7852 RO-data=808 RW-data=18144 ZI-data=311560  
".\BonusEffect.axf" - 0 Errors, 0 Warning(s).
Rebuild target 'External SDRAM'
compiling font5x7.c...
compiling lcd_grph.c...
compiling lcd_hw.c...
compiling Retarget.c...
compiling Serial.c...
assembling LPC2400.s...
compiling main.c...
assembling BonusEffect.s...
linking...
Program Size: Code=7856 RO-data=808 RW-data=18144 ZI-data=311560  
".\BonusEffect.axf" - 0 Errors, 0 Warning(s).
Rebuild target 'External SDRAM'
compiling font5x7.c...
compiling lcd_grph.c...
compiling lcd_hw.c...
compiling Retarget.c...
compiling Serial.c...
assembling LPC2400.s...
compiling main.c...
assembling BonusEffect.s...
linking...
Program Size: Code=7856 RO-data=808 RW-data=18144 ZI-data=311560  
".\BonusEffect.axf" - 0 Errors, 0 Warning(s).
Rebuild target 'External SDRAM'
compiling font5x7.c...
compiling lcd_grph.c...
compiling lcd_hw.c...
compiling Retarget.c...
compiling Serial.c...
assembling LPC2400.s...
compiling main.c...
assembling BonusEffect.s...
linking...
Program Size: Code=7856 RO-data=808 RW-data=18144 ZI-data=311560  
".\BonusEffect.axf" - 0 Errors, 0 Warning(s).
Rebuild target 'External SDRAM'
compiling font5x7.c...
compiling lcd_grph.c...
compiling lcd_hw.c...
compiling Retarget.c...
compiling Serial.c...
assembling LPC2400.s...
compiling main.c...
assembling BonusEffect.s...
linking...
Program Size: Code=7856 RO-data=808 RW-data=18144 ZI-data=311560  
".\BonusEffect.axf" - 0 Errors, 0 Warning(s).
Rebuild target 'External SDRAM'
compiling font5x7.c...
compiling lcd_grph.c...
compiling lcd_hw.c...
compiling Retarget.c...
compiling Serial.c...
assembling LPC2400.s...
compiling main.c...
assembling BonusEffect.s...
linking...
Program Size: Code=7852 RO-data=808 RW-data=18144 ZI-data=311560  
".\BonusEffect.axf" - 0 Errors, 0 Warning(s).
Rebuild target 'External SDRAM'
compiling font5x7.c...
compiling lcd_grph.c...
compiling lcd_hw.c...
compiling Retarget.c...
compiling Serial.c...
assembling LPC2400.s...
compiling main.c...
assembling BonusEffect.s...
linking...
Program Size: Code=7856 RO-data=808 RW-data=18144 ZI-data=311560  
".\BonusEffect.axf" - 0 Errors, 0 Warning(s).
Rebuild target 'External SDRAM'
compiling font5x7.c...
compiling lcd_grph.c...
compiling lcd_hw.c...
compiling Retarget.c...
compiling Serial.c...
assembling LPC2400.s...
compiling main.c...
assembling BonusEffect.s...
linking...
Program Size: Code=7856 RO-data=808 RW-data=18144 ZI-data=311560  
".\BonusEffect.axf" - 0 Errors, 0 Warning(s).
Rebuild target 'External SDRAM'
compiling font5x7.c...
compiling lcd_grph.c...
compiling lcd_hw.c...
compiling Retarget.c...
compiling Serial.c...
assembling LPC2400.s...
compiling main.c...
assembling BonusEffect.s...
linking...
Program Size: Code=7860 RO-data=808 RW-data=18144 ZI-data=311560  
".\BonusEffect.axf" - 0 Errors, 0 Warning(s).
Rebuild target 'External SDRAM'
compiling font5x7.c...
compiling lcd_grph.c...
compiling lcd_hw.c...
compiling Retarget.c...
compiling Serial.c...
assembling LPC2400.s...
compiling main.c...
assembling BonusEffect.s...
BonusEffect.s(17): error: A1914E: Expected expression
".\BonusEffect.axf" - 1 Errors, 0 Warning(s).
Target not created
Rebuild target 'External SDRAM'
compiling font5x7.c...
compiling lcd_grph.c...
compiling lcd_hw.c...
compiling Retarget.c...
compiling Serial.c...
assembling LPC2400.s...
compiling main.c...
assembling BonusEffect.s...
linking...
Program Size: Code=7860 RO-data=808 RW-data=18144 ZI-data=311560  
".\BonusEffect.axf" - 0 Errors, 0 Warning(s).
Rebuild target 'External SDRAM'
compiling font5x7.c...
compiling lcd_grph.c...
compiling lcd_hw.c...
compiling Retarget.c...
compiling Serial.c...
assembling LPC2400.s...
compiling main.c...
assembling BonusEffect.s...
linking...
Program Size: Code=7860 RO-data=808 RW-data=18144 ZI-data=311560  
".\BonusEffect.axf" - 0 Errors, 0 Warning(s).
Rebuild target 'External SDRAM'
compiling font5x7.c...
compiling lcd_grph.c...
compiling lcd_hw.c...
compiling Retarget.c...
compiling Serial.c...
assembling LPC2400.s...
compiling main.c...
assembling BonusEffect.s...
linking...
Program Size: Code=7868 RO-data=808 RW-data=18144 ZI-data=311560  
".\BonusEffect.axf" - 0 Errors, 0 Warning(s).
Rebuild target 'External SDRAM'
compiling font5x7.c...
compiling lcd_grph.c...
compiling lcd_hw.c...
compiling Retarget.c...
compiling Serial.c...
assembling LPC2400.s...
compiling main.c...
assembling BonusEffect.s...
linking...
Program Size: Code=7868 RO-data=808 RW-data=18144 ZI-data=311560  
".\BonusEffect.axf" - 0 Errors, 0 Warning(s).
Rebuild target 'External SDRAM'
compiling font5x7.c...
compiling lcd_grph.c...
compiling lcd_hw.c...
compiling Retarget.c...
compiling Serial.c...
assembling LPC2400.s...
compiling main.c...
assembling BonusEffect.s...
linking...
Program Size: Code=7868 RO-data=808 RW-data=18144 ZI-data=311560  
".\BonusEffect.axf" - 0 Errors, 0 Warning(s).
Rebuild target 'External SDRAM'
compiling font5x7.c...
compiling lcd_grph.c...
compiling lcd_hw.c...
compiling Retarget.c...
compiling Serial.c...
assembling LPC2400.s...
compiling main.c...
assembling BonusEffect.s...
linking...
Program Size: Code=7868 RO-data=808 RW-data=18144 ZI-data=311560  
".\BonusEffect.axf" - 0 Errors, 0 Warning(s).
Rebuild target 'External SDRAM'
compiling font5x7.c...
compiling lcd_grph.c...
compiling lcd_hw.c...
compiling Retarget.c...
compiling Serial.c...
assembling LPC2400.s...
compiling main.c...
assembling BonusEffect.s...
linking...
Program Size: Code=7868 RO-data=808 RW-data=18144 ZI-data=311560  
".\BonusEffect.axf" - 0 Errors, 0 Warning(s).
Rebuild target 'External SDRAM'
compiling font5x7.c...
compiling lcd_grph.c...
compiling lcd_hw.c...
compiling Retarget.c...
compiling Serial.c...
assembling LPC2400.s...
compiling main.c...
assembling BonusEffect.s...
linking...
Program Size: Code=7868 RO-data=808 RW-data=18144 ZI-data=311560  
".\BonusEffect.axf" - 0 Errors, 0 Warning(s).
Rebuild target 'External SDRAM'
compiling font5x7.c...
compiling lcd_grph.c...
compiling lcd_hw.c...
compiling Retarget.c...
compiling Serial.c...
assembling LPC2400.s...
compiling main.c...
assembling BonusEffect.s...
linking...
Program Size: Code=7880 RO-data=808 RW-data=18144 ZI-data=311560  
".\BonusEffect.axf" - 0 Errors, 0 Warning(s).
Rebuild target 'External SDRAM'
compiling font5x7.c...
compiling lcd_grph.c...
compiling lcd_hw.c...
compiling Retarget.c...
compiling Serial.c...
assembling LPC2400.s...
compiling main.c...
assembling BonusEffect.s...
linking...
Program Size: Code=7868 RO-data=808 RW-data=18144 ZI-data=311560  
".\BonusEffect.axf" - 0 Errors, 0 Warning(s).
Rebuild target 'External SDRAM'
compiling font5x7.c...
compiling lcd_grph.c...
compiling lcd_hw.c...
compiling Retarget.c...
compiling Serial.c...
assembling LPC2400.s...
compiling main.c...
assembling BonusEffect.s...
linking...
Program Size: Code=7872 RO-data=808 RW-data=18144 ZI-data=311560  
".\BonusEffect.axf" - 0 Errors, 0 Warning(s).
Rebuild target 'External SDRAM'
compiling font5x7.c...
compiling lcd_grph.c...
compiling lcd_hw.c...
compiling Retarget.c...
compiling Serial.c...
assembling LPC2400.s...
compiling main.c...
assembling BonusEffect.s...
linking...
Program Size: Code=7856 RO-data=808 RW-data=18144 ZI-data=311560  
".\BonusEffect.axf" - 0 Errors, 0 Warning(s).
Rebuild target 'External SDRAM'
compiling font5x7.c...
compiling lcd_grph.c...
compiling lcd_hw.c...
compiling Retarget.c...
compiling Serial.c...
assembling LPC2400.s...
compiling main.c...
assembling BonusEffect.s...
linking...
Program Size: Code=7868 RO-data=808 RW-data=18144 ZI-data=311560  
".\BonusEffect.axf" - 0 Errors, 0 Warning(s).
Rebuild target 'External SDRAM'
compiling font5x7.c...
compiling lcd_grph.c...
compiling lcd_hw.c...
compiling Retarget.c...
compiling Serial.c...
assembling LPC2400.s...
compiling main.c...
assembling BonusEffect.s...
linking...
Program Size: Code=7868 RO-data=808 RW-data=18144 ZI-data=311560  
".\BonusEffect.axf" - 0 Errors, 0 Warning(s).
Rebuild target 'External SDRAM'
compiling font5x7.c...
compiling lcd_grph.c...
compiling lcd_hw.c...
compiling Retarget.c...
compiling Serial.c...
assembling LPC2400.s...
compiling main.c...
assembling BonusEffect.s...
linking...
Program Size: Code=7868 RO-data=808 RW-data=18144 ZI-data=311560  
".\BonusEffect.axf" - 0 Errors, 0 Warning(s).
Rebuild target 'External SDRAM'
compiling font5x7.c...
compiling lcd_grph.c...
compiling lcd_hw.c...
compiling Retarget.c...
compiling Serial.c...
assembling LPC2400.s...
compiling main.c...
assembling BonusEffect.s...
linking...
Program Size: Code=7868 RO-data=808 RW-data=18144 ZI-data=311560  
".\BonusEffect.axf" - 0 Errors, 0 Warning(s).
Rebuild target 'External SDRAM'
compiling font5x7.c...
compiling lcd_grph.c...
compiling lcd_hw.c...
compiling Retarget.c...
compiling Serial.c...
assembling LPC2400.s...
compiling main.c...
assembling BonusEffect.s...
linking...
Program Size: Code=7872 RO-data=808 RW-data=18144 ZI-data=311560  
".\BonusEffect.axf" - 0 Errors, 0 Warning(s).
Rebuild target 'External SDRAM'
compiling font5x7.c...
compiling lcd_grph.c...
compiling lcd_hw.c...
compiling Retarget.c...
compiling Serial.c...
assembling LPC2400.s...
compiling main.c...
assembling BonusEffect.s...
linking...
Program Size: Code=7868 RO-data=808 RW-data=18144 ZI-data=311560  
".\BonusEffect.axf" - 0 Errors, 0 Warning(s).
Rebuild target 'External SDRAM'
compiling font5x7.c...
compiling lcd_grph.c...
compiling lcd_hw.c...
compiling Retarget.c...
compiling Serial.c...
assembling LPC2400.s...
compiling main.c...
assembling BonusEffect.s...
linking...
Program Size: Code=7864 RO-data=808 RW-data=18144 ZI-data=311560  
".\BonusEffect.axf" - 0 Errors, 0 Warning(s).
Rebuild target 'External SDRAM'
compiling font5x7.c...
compiling lcd_grph.c...
compiling lcd_hw.c...
compiling Retarget.c...
compiling Serial.c...
assembling LPC2400.s...
compiling main.c...
assembling BonusEffect.s...
linking...
Program Size: Code=7864 RO-data=808 RW-data=18144 ZI-data=311560  
".\BonusEffect.axf" - 0 Errors, 0 Warning(s).
Rebuild target 'External SDRAM'
compiling font5x7.c...
compiling lcd_grph.c...
compiling lcd_hw.c...
compiling Retarget.c...
compiling Serial.c...
assembling LPC2400.s...
compiling main.c...
assembling BonusEffect.s...
linking...
Program Size: Code=7868 RO-data=808 RW-data=18144 ZI-data=311560  
".\BonusEffect.axf" - 0 Errors, 0 Warning(s).
Rebuild target 'External SDRAM'
compiling font5x7.c...
compiling lcd_grph.c...
compiling lcd_hw.c...
compiling Retarget.c...
compiling Serial.c...
assembling LPC2400.s...
compiling main.c...
assembling BonusEffect.s...
linking...
Program Size: Code=7864 RO-data=808 RW-data=18144 ZI-data=311560  
".\BonusEffect.axf" - 0 Errors, 0 Warning(s).
Rebuild target 'External SDRAM'
compiling font5x7.c...
compiling lcd_grph.c...
compiling lcd_hw.c...
compiling Retarget.c...
compiling Serial.c...
assembling LPC2400.s...
compiling main.c...
assembling BonusEffect.s...
linking...
Program Size: Code=7864 RO-data=808 RW-data=18144 ZI-data=311560  
".\BonusEffect.axf" - 0 Errors, 0 Warning(s).
Rebuild target 'External SDRAM'
compiling font5x7.c...
compiling lcd_grph.c...
compiling lcd_hw.c...
compiling Retarget.c...
compiling Serial.c...
assembling LPC2400.s...
compiling main.c...
assembling BonusEffect.s...
linking...
Program Size: Code=7864 RO-data=808 RW-data=18144 ZI-data=311560  
".\BonusEffect.axf" - 0 Errors, 0 Warning(s).
Rebuild target 'External SDRAM'
compiling font5x7.c...
compiling lcd_grph.c...
compiling lcd_hw.c...
compiling Retarget.c...
compiling Serial.c...
assembling LPC2400.s...
compiling main.c...
assembling BonusEffect.s...
linking...
Program Size: Code=7864 RO-data=808 RW-data=18144 ZI-data=311560  
".\BonusEffect.axf" - 0 Errors, 0 Warning(s).
Rebuild target 'External SDRAM'
compiling font5x7.c...
compiling lcd_grph.c...
compiling lcd_hw.c...
compiling Retarget.c...
compiling Serial.c...
assembling LPC2400.s...
compiling main.c...
assembling BonusEffect.s...
linking...
Program Size: Code=7864 RO-data=808 RW-data=18144 ZI-data=311560  
".\BonusEffect.axf" - 0 Errors, 0 Warning(s).
Rebuild target 'External SDRAM'
compiling font5x7.c...
compiling lcd_grph.c...
compiling lcd_hw.c...
compiling Retarget.c...
compiling Serial.c...
assembling LPC2400.s...
compiling main.c...
assembling BonusEffect.s...
linking...
Program Size: Code=7868 RO-data=808 RW-data=18144 ZI-data=311560  
".\BonusEffect.axf" - 0 Errors, 0 Warning(s).
Rebuild target 'External SDRAM'
compiling font5x7.c...
compiling lcd_grph.c...
compiling lcd_hw.c...
compiling Retarget.c...
compiling Serial.c...
assembling LPC2400.s...
compiling main.c...
assembling BonusEffect.s...
linking...
Program Size: Code=7872 RO-data=808 RW-data=18144 ZI-data=311560  
".\BonusEffect.axf" - 0 Errors, 0 Warning(s).
Rebuild target 'External SDRAM'
compiling font5x7.c...
compiling lcd_grph.c...
compiling lcd_hw.c...
compiling Retarget.c...
compiling Serial.c...
assembling LPC2400.s...
compiling main.c...
assembling BonusEffect.s...
linking...
Program Size: Code=7880 RO-data=808 RW-data=18144 ZI-data=311560  
".\BonusEffect.axf" - 0 Errors, 0 Warning(s).
Rebuild target 'External SDRAM'
compiling font5x7.c...
compiling lcd_grph.c...
compiling lcd_hw.c...
compiling Retarget.c...
compiling Serial.c...
assembling LPC2400.s...
compiling main.c...
assembling BonusEffect.s...
linking...
Program Size: Code=7880 RO-data=808 RW-data=18144 ZI-data=311560  
".\BonusEffect.axf" - 0 Errors, 0 Warning(s).
Rebuild target 'External SDRAM'
compiling font5x7.c...
compiling lcd_grph.c...
compiling lcd_hw.c...
compiling Retarget.c...
compiling Serial.c...
assembling LPC2400.s...
compiling main.c...
assembling BonusEffect.s...
linking...
Program Size: Code=7880 RO-data=808 RW-data=18144 ZI-data=311560  
".\BonusEffect.axf" - 0 Errors, 0 Warning(s).
Rebuild target 'External SDRAM'
compiling font5x7.c...
compiling lcd_grph.c...
compiling lcd_hw.c...
compiling Retarget.c...
compiling Serial.c...
assembling LPC2400.s...
compiling main.c...
assembling BonusEffect.s...
linking...
Program Size: Code=7884 RO-data=808 RW-data=18144 ZI-data=311560  
".\BonusEffect.axf" - 0 Errors, 0 Warning(s).
Rebuild target 'External SDRAM'
compiling font5x7.c...
compiling lcd_grph.c...
compiling lcd_hw.c...
compiling Retarget.c...
compiling Serial.c...
assembling LPC2400.s...
compiling main.c...
assembling BonusEffect.s...
linking...
Program Size: Code=7884 RO-data=808 RW-data=18144 ZI-data=311560  
".\BonusEffect.axf" - 0 Errors, 0 Warning(s).
Rebuild target 'External SDRAM'
compiling font5x7.c...
compiling lcd_grph.c...
compiling lcd_hw.c...
compiling Retarget.c...
compiling Serial.c...
assembling LPC2400.s...
compiling main.c...
assembling BonusEffect.s...
linking...
Program Size: Code=7880 RO-data=808 RW-data=18144 ZI-data=311560  
".\BonusEffect.axf" - 0 Errors, 0 Warning(s).
Rebuild target 'External SDRAM'
compiling font5x7.c...
compiling lcd_grph.c...
compiling lcd_hw.c...
compiling Retarget.c...
compiling Serial.c...
assembling LPC2400.s...
compiling main.c...
assembling BonusEffect.s...
linking...
Program Size: Code=7884 RO-data=808 RW-data=18144 ZI-data=311560  
".\BonusEffect.axf" - 0 Errors, 0 Warning(s).
Rebuild target 'External SDRAM'
compiling font5x7.c...
compiling lcd_grph.c...
compiling lcd_hw.c...
compiling Retarget.c...
compiling Serial.c...
assembling LPC2400.s...
compiling main.c...
assembling BonusEffect.s...
linking...
Program Size: Code=7884 RO-data=808 RW-data=18144 ZI-data=311560  
".\BonusEffect.axf" - 0 Errors, 0 Warning(s).
Rebuild target 'External SDRAM'
compiling font5x7.c...
compiling lcd_grph.c...
compiling lcd_hw.c...
compiling Retarget.c...
compiling Serial.c...
assembling LPC2400.s...
compiling main.c...
assembling BonusEffect.s...
linking...
Program Size: Code=7884 RO-data=808 RW-data=18144 ZI-data=311560  
".\BonusEffect.axf" - 0 Errors, 0 Warning(s).
Rebuild target 'External SDRAM'
compiling font5x7.c...
compiling lcd_grph.c...
compiling lcd_hw.c...
compiling Retarget.c...
compiling Serial.c...
assembling LPC2400.s...
compiling main.c...
assembling BonusEffect.s...
linking...
Program Size: Code=7884 RO-data=808 RW-data=18144 ZI-data=311560  
".\BonusEffect.axf" - 0 Errors, 0 Warning(s).
Rebuild target 'External SDRAM'
compiling font5x7.c...
compiling lcd_grph.c...
compiling lcd_hw.c...
compiling Retarget.c...
compiling Serial.c...
assembling LPC2400.s...
compiling main.c...
assembling BonusEffect.s...
BonusEffect.s(378): error: A1163E: Unknown opcode Method--------------> , expecting opcode or Macro
".\BonusEffect.axf" - 1 Errors, 0 Warning(s).
Target not created
Rebuild target 'External SDRAM'
compiling font5x7.c...
compiling lcd_grph.c...
compiling lcd_hw.c...
compiling Retarget.c...
compiling Serial.c...
assembling LPC2400.s...
compiling main.c...
assembling BonusEffect.s...
BonusEffect.s(378): error: A1167E: Invalid line start 
".\BonusEffect.axf" - 1 Errors, 0 Warning(s).
Target not created
Rebuild target 'External SDRAM'
compiling font5x7.c...
compiling lcd_grph.c...
compiling lcd_hw.c...
compiling Retarget.c...
compiling Serial.c...
assembling LPC2400.s...
compiling main.c...
assembling BonusEffect.s...
BonusEffect.s(441): error: A1112E: Expected address expression
".\BonusEffect.axf" - 1 Errors, 0 Warning(s).
Target not created
Rebuild target 'External SDRAM'
compiling font5x7.c...
compiling lcd_grph.c...
compiling lcd_hw.c...
compiling Retarget.c...
compiling Serial.c...
assembling LPC2400.s...
compiling main.c...
assembling BonusEffect.s...
BonusEffect.s(442): error: A1112E: Expected address expression
".\BonusEffect.axf" - 1 Errors, 0 Warning(s).
Target not created
Rebuild target 'External SDRAM'
compiling font5x7.c...
compiling lcd_grph.c...
compiling lcd_hw.c...
compiling Retarget.c...
compiling Serial.c...
assembling LPC2400.s...
compiling main.c...
assembling BonusEffect.s...
BonusEffect.s(441): error: A1112E: Expected address expression
".\BonusEffect.axf" - 1 Errors, 0 Warning(s).
Target not created
Rebuild target 'External SDRAM'
compiling font5x7.c...
compiling lcd_grph.c...
compiling lcd_hw.c...
compiling Retarget.c...
compiling Serial.c...
assembling LPC2400.s...
compiling main.c...
assembling BonusEffect.s...
BonusEffect.s(444): error: A1516E: Bad symbol 'moveLoopJ', not defined or external
BonusEffect.s(447): error: A1516E: Bad symbol 'moveLoopI', not defined or external
BonusEffect.s(459): error: A1516E: Bad symbol 'getPicAddress', not defined or external
BonusEffect.s(476): error: A1516E: Bad symbol 'getPicAddress', not defined or external
".\BonusEffect.axf" - 4 Errors, 0 Warning(s).
Target not created
Rebuild target 'External SDRAM'
compiling font5x7.c...
compiling lcd_grph.c...
compiling lcd_hw.c...
compiling Retarget.c...
compiling Serial.c...
assembling LPC2400.s...
compiling main.c...
assembling BonusEffect.s...
BonusEffect.s(459): error: A1516E: Bad symbol 'getPicAddress', not defined or external
BonusEffect.s(476): error: A1516E: Bad symbol 'getPicAddress', not defined or external
".\BonusEffect.axf" - 2 Errors, 0 Warning(s).
Target not created
Rebuild target 'External SDRAM'
compiling font5x7.c...
compiling lcd_grph.c...
compiling lcd_hw.c...
compiling Retarget.c...
compiling Serial.c...
assembling LPC2400.s...
compiling main.c...
assembling BonusEffect.s...
linking...
Program Size: Code=7936 RO-data=808 RW-data=18144 ZI-data=311560  
".\BonusEffect.axf" - 0 Errors, 0 Warning(s).
Build target 'External SDRAM'
linking...
Program Size: Code=7936 RO-data=808 RW-data=18144 ZI-data=311560  
".\BonusEffect.axf" - 0 Errors, 0 Warning(s).
Rebuild target 'External SDRAM'
compiling font5x7.c...
compiling lcd_grph.c...
compiling lcd_hw.c...
compiling Retarget.c...
compiling Serial.c...
assembling LPC2400.s...
compiling main.c...
assembling BonusEffect.s...
linking...
Program Size: Code=7944 RO-data=808 RW-data=18144 ZI-data=311560  
".\BonusEffect.axf" - 0 Errors, 0 Warning(s).
Rebuild target 'External SDRAM'
compiling font5x7.c...
compiling lcd_grph.c...
compiling lcd_hw.c...
compiling Retarget.c...
compiling Serial.c...
assembling LPC2400.s...
compiling main.c...
assembling BonusEffect.s...
linking...
Program Size: Code=7944 RO-data=808 RW-data=18144 ZI-data=311560  
".\BonusEffect.axf" - 0 Errors, 0 Warning(s).
Rebuild target 'External SDRAM'
compiling font5x7.c...
compiling lcd_grph.c...
compiling lcd_hw.c...
compiling Retarget.c...
compiling Serial.c...
assembling LPC2400.s...
compiling main.c...
assembling BonusEffect.s...
linking...
Program Size: Code=7944 RO-data=808 RW-data=18144 ZI-data=311560  
".\BonusEffect.axf" - 0 Errors, 0 Warning(s).
Rebuild target 'External SDRAM'
compiling font5x7.c...
compiling lcd_grph.c...
compiling lcd_hw.c...
compiling Retarget.c...
compiling Serial.c...
assembling LPC2400.s...
compiling main.c...
assembling BonusEffect.s...
linking...
Program Size: Code=7944 RO-data=808 RW-data=18144 ZI-data=311560  
".\BonusEffect.axf" - 0 Errors, 0 Warning(s).
Rebuild target 'External SDRAM'
compiling font5x7.c...
compiling lcd_grph.c...
compiling lcd_hw.c...
compiling Retarget.c...
compiling Serial.c...
assembling LPC2400.s...
compiling main.c...
assembling BonusEffect.s...
linking...
Program Size: Code=7940 RO-data=808 RW-data=18144 ZI-data=311560  
".\BonusEffect.axf" - 0 Errors, 0 Warning(s).
Rebuild target 'External SDRAM'
compiling font5x7.c...
compiling lcd_grph.c...
compiling lcd_hw.c...
compiling Retarget.c...
compiling Serial.c...
assembling LPC2400.s...
compiling main.c...
assembling BonusEffect.s...
BonusEffect.s(172): error: A1215E: Bad register list symbol
".\BonusEffect.axf" - 1 Errors, 0 Warning(s).
Target not created
Rebuild target 'External SDRAM'
compiling font5x7.c...
compiling lcd_grph.c...
compiling lcd_hw.c...
compiling Retarget.c...
compiling Serial.c...
assembling LPC2400.s...
compiling main.c...
assembling BonusEffect.s...
linking...
Program Size: Code=8000 RO-data=808 RW-data=18144 ZI-data=311560  
".\BonusEffect.axf" - 0 Errors, 0 Warning(s).
