<html>
<body>
<pre>
<h1>µVision Build Log</h1>
<h2>Project:</h2>
U:\TCD-Assignments\Computing\assignments\assignment1\Assignment.1.3.BonusEffect\BonusEffect.uvproj
Project File Date:  03/07/2017

<h2>Output:</h2>
Rebuild target 'External SDRAM'
compiling font5x7.c...
compiling lcd_grph.c...
compiling lcd_hw.c...
compiling Retarget.c...
compiling Serial.c...
assembling LPC2400.s...
compiling main.c...
assembling BonusEffect.s...
linking...
Program Size: Code=7812 RO-data=808 RW-data=18144 ZI-data=311560  
".\BonusEffect.axf" - 0 Errors, 0 Warning(s).
Rebuild target 'External SDRAM'
compiling font5x7.c...
compiling lcd_grph.c...
compiling lcd_hw.c...
compiling Retarget.c...
compiling Serial.c...
assembling LPC2400.s...
compiling main.c...
assembling BonusEffect.s...
linking...
Program Size: Code=7816 RO-data=808 RW-data=18144 ZI-data=311560  
".\BonusEffect.axf" - 0 Errors, 0 Warning(s).
Rebuild target 'External SDRAM'
compiling font5x7.c...
compiling lcd_grph.c...
compiling lcd_hw.c...
compiling Retarget.c...
compiling Serial.c...
assembling LPC2400.s...
compiling main.c...
assembling BonusEffect.s...
linking...
Program Size: Code=7840 RO-data=808 RW-data=18144 ZI-data=311560  
".\BonusEffect.axf" - 0 Errors, 0 Warning(s).
Rebuild target 'External SDRAM'
compiling font5x7.c...
compiling lcd_grph.c...
compiling lcd_hw.c...
compiling Retarget.c...
compiling Serial.c...
assembling LPC2400.s...
compiling main.c...
assembling BonusEffect.s...
linking...
Program Size: Code=7844 RO-data=808 RW-data=18144 ZI-data=311560  
".\BonusEffect.axf" - 0 Errors, 0 Warning(s).
Rebuild target 'External SDRAM'
compiling font5x7.c...
compiling lcd_grph.c...
compiling lcd_hw.c...
compiling Retarget.c...
compiling Serial.c...
assembling LPC2400.s...
compiling main.c...
assembling BonusEffect.s...
linking...
Program Size: Code=7844 RO-data=808 RW-data=18144 ZI-data=311560  
".\BonusEffect.axf" - 0 Errors, 0 Warning(s).
Rebuild target 'External SDRAM'
compiling font5x7.c...
compiling lcd_grph.c...
compiling lcd_hw.c...
compiling Retarget.c...
compiling Serial.c...
assembling LPC2400.s...
compiling main.c...
assembling BonusEffect.s...
linking...
Program Size: Code=7840 RO-data=808 RW-data=18144 ZI-data=311560  
".\BonusEffect.axf" - 0 Errors, 0 Warning(s).
Rebuild target 'External SDRAM'
compiling font5x7.c...
compiling lcd_grph.c...
compiling lcd_hw.c...
compiling Retarget.c...
compiling Serial.c...
assembling LPC2400.s...
compiling main.c...
assembling BonusEffect.s...
linking...
Program Size: Code=7840 RO-data=808 RW-data=18144 ZI-data=311560  
".\BonusEffect.axf" - 0 Errors, 0 Warning(s).
Rebuild target 'External SDRAM'
compiling font5x7.c...
compiling lcd_grph.c...
compiling lcd_hw.c...
compiling Retarget.c...
compiling Serial.c...
assembling LPC2400.s...
compiling main.c...
assembling BonusEffect.s...
linking...
Program Size: Code=7900 RO-data=808 RW-data=18144 ZI-data=311560  
".\BonusEffect.axf" - 0 Errors, 0 Warning(s).
Rebuild target 'External SDRAM'
compiling font5x7.c...
compiling lcd_grph.c...
compiling lcd_hw.c...
compiling Retarget.c...
compiling Serial.c...
assembling LPC2400.s...
compiling main.c...
assembling BonusEffect.s...
linking...
Program Size: Code=7896 RO-data=808 RW-data=18144 ZI-data=311560  
".\BonusEffect.axf" - 0 Errors, 0 Warning(s).
Rebuild target 'External SDRAM'
compiling font5x7.c...
compiling lcd_grph.c...
compiling lcd_hw.c...
compiling Retarget.c...
compiling Serial.c...
assembling LPC2400.s...
compiling main.c...
assembling BonusEffect.s...
linking...
Program Size: Code=7896 RO-data=808 RW-data=18144 ZI-data=311560  
".\BonusEffect.axf" - 0 Errors, 0 Warning(s).
Rebuild target 'External SDRAM'
compiling font5x7.c...
compiling lcd_grph.c...
compiling lcd_hw.c...
compiling Retarget.c...
compiling Serial.c...
assembling LPC2400.s...
compiling main.c...
assembling BonusEffect.s...
linking...
Program Size: Code=7896 RO-data=808 RW-data=18144 ZI-data=311560  
".\BonusEffect.axf" - 0 Errors, 0 Warning(s).
Rebuild target 'External SDRAM'
compiling font5x7.c...
compiling lcd_grph.c...
compiling lcd_hw.c...
compiling Retarget.c...
compiling Serial.c...
assembling LPC2400.s...
compiling main.c...
assembling BonusEffect.s...
linking...
Program Size: Code=7900 RO-data=808 RW-data=18144 ZI-data=311560  
".\BonusEffect.axf" - 0 Errors, 0 Warning(s).
Rebuild target 'External SDRAM'
compiling font5x7.c...
compiling lcd_grph.c...
compiling lcd_hw.c...
compiling Retarget.c...
compiling Serial.c...
assembling LPC2400.s...
compiling main.c...
assembling BonusEffect.s...
linking...
Program Size: Code=7900 RO-data=808 RW-data=18144 ZI-data=311560  
".\BonusEffect.axf" - 0 Errors, 0 Warning(s).
Rebuild target 'External SDRAM'
compiling font5x7.c...
compiling lcd_grph.c...
compiling lcd_hw.c...
compiling Retarget.c...
compiling Serial.c...
assembling LPC2400.s...
compiling main.c...
assembling BonusEffect.s...
linking...
Program Size: Code=7908 RO-data=808 RW-data=18144 ZI-data=311560  
".\BonusEffect.axf" - 0 Errors, 0 Warning(s).
Rebuild target 'External SDRAM'
compiling font5x7.c...
compiling lcd_grph.c...
compiling lcd_hw.c...
compiling Retarget.c...
compiling Serial.c...
assembling LPC2400.s...
compiling main.c...
assembling BonusEffect.s...
linking...
Program Size: Code=7904 RO-data=808 RW-data=18144 ZI-data=311560  
".\BonusEffect.axf" - 0 Errors, 0 Warning(s).
Rebuild target 'External SDRAM'
compiling font5x7.c...
compiling lcd_grph.c...
compiling lcd_hw.c...
compiling Retarget.c...
compiling Serial.c...
assembling LPC2400.s...
compiling main.c...
assembling BonusEffect.s...
linking...
Program Size: Code=7904 RO-data=808 RW-data=18144 ZI-data=311560  
".\BonusEffect.axf" - 0 Errors, 0 Warning(s).
Rebuild target 'External SDRAM'
compiling font5x7.c...
compiling lcd_grph.c...
compiling lcd_hw.c...
compiling Retarget.c...
compiling Serial.c...
assembling LPC2400.s...
compiling main.c...
assembling BonusEffect.s...
linking...
Program Size: Code=7908 RO-data=808 RW-data=18144 ZI-data=311560  
".\BonusEffect.axf" - 0 Errors, 0 Warning(s).
Rebuild target 'External SDRAM'
compiling font5x7.c...
compiling lcd_grph.c...
compiling lcd_hw.c...
compiling Retarget.c...
compiling Serial.c...
assembling LPC2400.s...
compiling main.c...
assembling BonusEffect.s...
linking...
Program Size: Code=7908 RO-data=808 RW-data=18144 ZI-data=311560  
".\BonusEffect.axf" - 0 Errors, 0 Warning(s).
Rebuild target 'External SDRAM'
compiling font5x7.c...
compiling lcd_grph.c...
compiling lcd_hw.c...
compiling Retarget.c...
compiling Serial.c...
assembling LPC2400.s...
compiling main.c...
assembling BonusEffect.s...
linking...
Program Size: Code=7908 RO-data=808 RW-data=18144 ZI-data=311560  
".\BonusEffect.axf" - 0 Errors, 0 Warning(s).
Rebuild target 'External SDRAM'
compiling font5x7.c...
compiling lcd_grph.c...
compiling lcd_hw.c...
compiling Retarget.c...
compiling Serial.c...
assembling LPC2400.s...
compiling main.c...
assembling BonusEffect.s...
linking...
Program Size: Code=7908 RO-data=808 RW-data=18144 ZI-data=311560  
".\BonusEffect.axf" - 0 Errors, 0 Warning(s).
Rebuild target 'External SDRAM'
compiling font5x7.c...
compiling lcd_grph.c...
compiling lcd_hw.c...
compiling Retarget.c...
compiling Serial.c...
assembling LPC2400.s...
compiling main.c...
assembling BonusEffect.s...
linking...
Program Size: Code=7892 RO-data=808 RW-data=18144 ZI-data=311560  
".\BonusEffect.axf" - 0 Errors, 0 Warning(s).
Rebuild target 'External SDRAM'
compiling font5x7.c...
compiling lcd_grph.c...
compiling lcd_hw.c...
compiling Retarget.c...
compiling Serial.c...
assembling LPC2400.s...
compiling main.c...
assembling BonusEffect.s...
linking...
Program Size: Code=7908 RO-data=808 RW-data=18144 ZI-data=311560  
".\BonusEffect.axf" - 0 Errors, 0 Warning(s).
Rebuild target 'External SDRAM'
compiling font5x7.c...
compiling lcd_grph.c...
compiling lcd_hw.c...
compiling Retarget.c...
compiling Serial.c...
assembling LPC2400.s...
compiling main.c...
assembling BonusEffect.s...
linking...
Program Size: Code=7908 RO-data=808 RW-data=18144 ZI-data=311560  
".\BonusEffect.axf" - 0 Errors, 0 Warning(s).
Rebuild target 'External SDRAM'
compiling font5x7.c...
compiling lcd_grph.c...
compiling lcd_hw.c...
compiling Retarget.c...
compiling Serial.c...
assembling LPC2400.s...
compiling main.c...
assembling BonusEffect.s...
linking...
Program Size: Code=7912 RO-data=808 RW-data=18144 ZI-data=311560  
".\BonusEffect.axf" - 0 Errors, 0 Warning(s).
Rebuild target 'External SDRAM'
compiling font5x7.c...
compiling lcd_grph.c...
compiling lcd_hw.c...
compiling Retarget.c...
compiling Serial.c...
assembling LPC2400.s...
compiling main.c...
assembling BonusEffect.s...
linking...
Program Size: Code=7916 RO-data=808 RW-data=18144 ZI-data=311560  
".\BonusEffect.axf" - 0 Errors, 0 Warning(s).
Rebuild target 'External SDRAM'
compiling font5x7.c...
compiling lcd_grph.c...
compiling lcd_hw.c...
compiling Retarget.c...
compiling Serial.c...
assembling LPC2400.s...
compiling main.c...
assembling BonusEffect.s...
linking...
Program Size: Code=7912 RO-data=808 RW-data=18144 ZI-data=311560  
".\BonusEffect.axf" - 0 Errors, 0 Warning(s).
